../Core/Src/kernel.c:39:15:scheduler	32	static
../Core/Src/kernel.c:94:6:SVC_Handler_Main	32	static,ignoring_inline_asm
../Core/Src/kernel.c:119:6:ContextSwitch	4	static,ignoring_inline_asm
../Core/Src/kernel.c:132:20:get_task_state_string	16	static
../Core/Src/kernel.c:142:6:print_kernel_info	16	static
../Core/Src/kernel.c:170:6:null_task	16	static,ignoring_inline_asm
../Core/Src/kernel.c:176:6:osNull_task	24	static
../Core/Src/kernel.c:200:6:osKernelInit	16	static
../Core/Src/kernel.c:227:8:osGetTID	4	static
../Core/Src/kernel.c:236:5:osKernelStart	16	static,ignoring_inline_asm
../Core/Src/kernel.c:251:6:osYield	4	static,ignoring_inline_asm
../Core/Src/kernel.c:265:6:new_task	24	static,ignoring_inline_asm
../Core/Src/kernel.c:288:5:osTaskExit	16	static
../Core/Src/kernel.c:309:5:osCreateTask	16	static
../Core/Src/kernel.c:313:5:osTaskInfo	24	static
../Core/Src/kernel.c:327:5:osSetDeadline	24	static,ignoring_inline_asm
../Core/Src/kernel.c:349:5:osCreateDeadlineTask	56	static
../Core/Src/kernel.c:416:6:osSleep	16	static
../Core/Src/kernel.c:430:6:osPeriodYield	8	static
